Analysis & Elaboration report for Procesador
Tue Nov 21 15:39:59 2023
Quartus Prime Version 22.1std.2 Build 922 07/20/2023 SC Lite Edition


---------------------
; Table of Contents ;
---------------------
  1. Legal Notice
  2. Analysis & Elaboration Summary
  3. Parallel Compilation
  4. Analysis & Elaboration IP Cores Summary
  5. Source assignments for top:dut|romF2:rom1|altsyncram:altsyncram_component|altsyncram_l4g1:auto_generated
  6. Source assignments for top:dut|ram:ram1|altsyncram:altsyncram_component|altsyncram_g0p1:auto_generated
  7. Parameter Settings for User Entity Instance: top:dut|arm:arm|controller:c|condlogic:cl|flopenr:flagreg1
  8. Parameter Settings for User Entity Instance: top:dut|arm:arm|controller:c|condlogic:cl|flopenr:flagreg0
  9. Parameter Settings for User Entity Instance: top:dut|arm:arm|datapath:dp|mux2:pcmux
 10. Parameter Settings for User Entity Instance: top:dut|arm:arm|datapath:dp|flopr:pcreg
 11. Parameter Settings for User Entity Instance: top:dut|arm:arm|datapath:dp|adder:pcadd1
 12. Parameter Settings for User Entity Instance: top:dut|arm:arm|datapath:dp|adder:pcadd2
 13. Parameter Settings for User Entity Instance: top:dut|arm:arm|datapath:dp|mux2:ra1mux
 14. Parameter Settings for User Entity Instance: top:dut|arm:arm|datapath:dp|mux2:ra2mux
 15. Parameter Settings for User Entity Instance: top:dut|arm:arm|datapath:dp|mux2:resmux
 16. Parameter Settings for User Entity Instance: top:dut|arm:arm|datapath:dp|mux2:srcbmux
 17. Parameter Settings for User Entity Instance: top:dut|arm:arm|datapath:dp|alu:alu
 18. Parameter Settings for User Entity Instance: top:dut|romF2:rom1|altsyncram:altsyncram_component
 19. Parameter Settings for User Entity Instance: top:dut|ram:ram1|altsyncram:altsyncram_component
 20. Parameter Settings for User Entity Instance: top:dut|vga:imagenDis|vgaController:vgaCont
 21. altsyncram Parameter Settings by Entity Instance
 22. Analysis & Elaboration Settings
 23. Port Connectivity Checks: "top:dut|vga:imagenDis"
 24. Port Connectivity Checks: "top:dut|arm:arm|datapath:dp|mux2:ra1mux"
 25. Port Connectivity Checks: "top:dut|arm:arm|datapath:dp|adder:pcadd2"
 26. Port Connectivity Checks: "top:dut|arm:arm|datapath:dp|adder:pcadd1"
 27. Port Connectivity Checks: "top:dut|arm:arm"
 28. Port Connectivity Checks: "top:dut"
 29. Analysis & Elaboration Messages
 30. Analysis & Elaboration Suppressed Messages



----------------
; Legal Notice ;
----------------
Copyright (C) 2023  Intel Corporation. All rights reserved.
Your use of Intel Corporation's design tools, logic functions 
and other software and tools, and any partner logic 
functions, and any output files from any of the foregoing 
(including device programming or simulation files), and any 
associated documentation or information are expressly subject 
to the terms and conditions of the Intel Program License 
Subscription Agreement, the Intel Quartus Prime License Agreement,
the Intel FPGA IP License Agreement, or other applicable license
agreement, including, without limitation, that your use is for
the sole purpose of programming logic devices manufactured by
Intel and sold by Intel or its authorized distributors.  Please
refer to the applicable agreement for further details, at
https://fpgasoftware.intel.com/eula.



+--------------------------------------------------------------------------------+
; Analysis & Elaboration Summary                                                 ;
+-------------------------------+------------------------------------------------+
; Analysis & Elaboration Status ; Successful - Tue Nov 21 15:39:59 2023          ;
; Quartus Prime Version         ; 22.1std.2 Build 922 07/20/2023 SC Lite Edition ;
; Revision Name                 ; Procesador                                     ;
; Top-level Entity Name         ; testbench                                      ;
; Family                        ; Cyclone V                                      ;
; Logic utilization (in ALMs)   ; N/A until Partition Merge                      ;
; Total registers               ; N/A until Partition Merge                      ;
; Total pins                    ; N/A until Partition Merge                      ;
; Total virtual pins            ; N/A until Partition Merge                      ;
; Total block memory bits       ; N/A until Partition Merge                      ;
; Total PLLs                    ; N/A until Partition Merge                      ;
; Total DLLs                    ; N/A until Partition Merge                      ;
+-------------------------------+------------------------------------------------+


+------------------------------------------+
; Parallel Compilation                     ;
+----------------------------+-------------+
; Processors                 ; Number      ;
+----------------------------+-------------+
; Number detected on machine ; 12          ;
; Maximum allowed            ; 6           ;
;                            ;             ;
; Average used               ; 1.00        ;
; Maximum used               ; 1           ;
;                            ;             ;
; Usage by Processor         ; % Time Used ;
;     Processor 1            ; 100.0%      ;
+----------------------------+-------------+


+-----------------------------------------------------------------------------------------------------------------+
; Analysis & Elaboration IP Cores Summary                                                                         ;
+--------+--------------+---------+--------------+--------------+-------------------------------+-----------------+
; Vendor ; IP Core Name ; Version ; Release Date ; License Type ; Entity Instance               ; IP Include File ;
+--------+--------------+---------+--------------+--------------+-------------------------------+-----------------+
; Altera ; RAM: 1-PORT  ; 22.1    ; N/A          ; N/A          ; |testbench|top:dut|ram:ram1   ; ram.v           ;
; Altera ; ROM: 1-PORT  ; 22.1    ; N/A          ; N/A          ; |testbench|top:dut|romF2:rom1 ; romF2.v         ;
+--------+--------------+---------+--------------+--------------+-------------------------------+-----------------+


+----------------------------------------------------------------------------------------------------------+
; Source assignments for top:dut|romF2:rom1|altsyncram:altsyncram_component|altsyncram_l4g1:auto_generated ;
+---------------------------------+--------------------+------+--------------------------------------------+
; Assignment                      ; Value              ; From ; To                                         ;
+---------------------------------+--------------------+------+--------------------------------------------+
; OPTIMIZE_POWER_DURING_SYNTHESIS ; NORMAL_COMPILATION ; -    ; -                                          ;
+---------------------------------+--------------------+------+--------------------------------------------+


+--------------------------------------------------------------------------------------------------------+
; Source assignments for top:dut|ram:ram1|altsyncram:altsyncram_component|altsyncram_g0p1:auto_generated ;
+---------------------------------+--------------------+------+------------------------------------------+
; Assignment                      ; Value              ; From ; To                                       ;
+---------------------------------+--------------------+------+------------------------------------------+
; OPTIMIZE_POWER_DURING_SYNTHESIS ; NORMAL_COMPILATION ; -    ; -                                        ;
+---------------------------------+--------------------+------+------------------------------------------+


+---------------------------------------------------------------------------------------------------------+
; Parameter Settings for User Entity Instance: top:dut|arm:arm|controller:c|condlogic:cl|flopenr:flagreg1 ;
+----------------+-------+--------------------------------------------------------------------------------+
; Parameter Name ; Value ; Type                                                                           ;
+----------------+-------+--------------------------------------------------------------------------------+
; WIDTH          ; 2     ; Signed Integer                                                                 ;
+----------------+-------+--------------------------------------------------------------------------------+
Note: In order to hide this table in the UI and the text report file, please set the "Show Parameter Settings in Synthesis Report" option in "Analysis and Synthesis Settings -> More Settings" to "Off".


+---------------------------------------------------------------------------------------------------------+
; Parameter Settings for User Entity Instance: top:dut|arm:arm|controller:c|condlogic:cl|flopenr:flagreg0 ;
+----------------+-------+--------------------------------------------------------------------------------+
; Parameter Name ; Value ; Type                                                                           ;
+----------------+-------+--------------------------------------------------------------------------------+
; WIDTH          ; 2     ; Signed Integer                                                                 ;
+----------------+-------+--------------------------------------------------------------------------------+
Note: In order to hide this table in the UI and the text report file, please set the "Show Parameter Settings in Synthesis Report" option in "Analysis and Synthesis Settings -> More Settings" to "Off".


+-------------------------------------------------------------------------------------+
; Parameter Settings for User Entity Instance: top:dut|arm:arm|datapath:dp|mux2:pcmux ;
+----------------+-------+------------------------------------------------------------+
; Parameter Name ; Value ; Type                                                       ;
+----------------+-------+------------------------------------------------------------+
; WIDTH          ; 32    ; Signed Integer                                             ;
+----------------+-------+------------------------------------------------------------+
Note: In order to hide this table in the UI and the text report file, please set the "Show Parameter Settings in Synthesis Report" option in "Analysis and Synthesis Settings -> More Settings" to "Off".


+--------------------------------------------------------------------------------------+
; Parameter Settings for User Entity Instance: top:dut|arm:arm|datapath:dp|flopr:pcreg ;
+----------------+-------+-------------------------------------------------------------+
; Parameter Name ; Value ; Type                                                        ;
+----------------+-------+-------------------------------------------------------------+
; WIDTH          ; 32    ; Signed Integer                                              ;
+----------------+-------+-------------------------------------------------------------+
Note: In order to hide this table in the UI and the text report file, please set the "Show Parameter Settings in Synthesis Report" option in "Analysis and Synthesis Settings -> More Settings" to "Off".


+---------------------------------------------------------------------------------------+
; Parameter Settings for User Entity Instance: top:dut|arm:arm|datapath:dp|adder:pcadd1 ;
+----------------+-------+--------------------------------------------------------------+
; Parameter Name ; Value ; Type                                                         ;
+----------------+-------+--------------------------------------------------------------+
; WIDTH          ; 32    ; Signed Integer                                               ;
+----------------+-------+--------------------------------------------------------------+
Note: In order to hide this table in the UI and the text report file, please set the "Show Parameter Settings in Synthesis Report" option in "Analysis and Synthesis Settings -> More Settings" to "Off".


+---------------------------------------------------------------------------------------+
; Parameter Settings for User Entity Instance: top:dut|arm:arm|datapath:dp|adder:pcadd2 ;
+----------------+-------+--------------------------------------------------------------+
; Parameter Name ; Value ; Type                                                         ;
+----------------+-------+--------------------------------------------------------------+
; WIDTH          ; 32    ; Signed Integer                                               ;
+----------------+-------+--------------------------------------------------------------+
Note: In order to hide this table in the UI and the text report file, please set the "Show Parameter Settings in Synthesis Report" option in "Analysis and Synthesis Settings -> More Settings" to "Off".


+--------------------------------------------------------------------------------------+
; Parameter Settings for User Entity Instance: top:dut|arm:arm|datapath:dp|mux2:ra1mux ;
+----------------+-------+-------------------------------------------------------------+
; Parameter Name ; Value ; Type                                                        ;
+----------------+-------+-------------------------------------------------------------+
; WIDTH          ; 4     ; Signed Integer                                              ;
+----------------+-------+-------------------------------------------------------------+
Note: In order to hide this table in the UI and the text report file, please set the "Show Parameter Settings in Synthesis Report" option in "Analysis and Synthesis Settings -> More Settings" to "Off".


+--------------------------------------------------------------------------------------+
; Parameter Settings for User Entity Instance: top:dut|arm:arm|datapath:dp|mux2:ra2mux ;
+----------------+-------+-------------------------------------------------------------+
; Parameter Name ; Value ; Type                                                        ;
+----------------+-------+-------------------------------------------------------------+
; WIDTH          ; 4     ; Signed Integer                                              ;
+----------------+-------+-------------------------------------------------------------+
Note: In order to hide this table in the UI and the text report file, please set the "Show Parameter Settings in Synthesis Report" option in "Analysis and Synthesis Settings -> More Settings" to "Off".


+--------------------------------------------------------------------------------------+
; Parameter Settings for User Entity Instance: top:dut|arm:arm|datapath:dp|mux2:resmux ;
+----------------+-------+-------------------------------------------------------------+
; Parameter Name ; Value ; Type                                                        ;
+----------------+-------+-------------------------------------------------------------+
; WIDTH          ; 32    ; Signed Integer                                              ;
+----------------+-------+-------------------------------------------------------------+
Note: In order to hide this table in the UI and the text report file, please set the "Show Parameter Settings in Synthesis Report" option in "Analysis and Synthesis Settings -> More Settings" to "Off".


+---------------------------------------------------------------------------------------+
; Parameter Settings for User Entity Instance: top:dut|arm:arm|datapath:dp|mux2:srcbmux ;
+----------------+-------+--------------------------------------------------------------+
; Parameter Name ; Value ; Type                                                         ;
+----------------+-------+--------------------------------------------------------------+
; WIDTH          ; 32    ; Signed Integer                                               ;
+----------------+-------+--------------------------------------------------------------+
Note: In order to hide this table in the UI and the text report file, please set the "Show Parameter Settings in Synthesis Report" option in "Analysis and Synthesis Settings -> More Settings" to "Off".


+----------------------------------------------------------------------------------+
; Parameter Settings for User Entity Instance: top:dut|arm:arm|datapath:dp|alu:alu ;
+----------------+-------+---------------------------------------------------------+
; Parameter Name ; Value ; Type                                                    ;
+----------------+-------+---------------------------------------------------------+
; BusWidth       ; 32    ; Signed Integer                                          ;
+----------------+-------+---------------------------------------------------------+
Note: In order to hide this table in the UI and the text report file, please set the "Show Parameter Settings in Synthesis Report" option in "Analysis and Synthesis Settings -> More Settings" to "Off".


+-------------------------------------------------------------------------------------------------+
; Parameter Settings for User Entity Instance: top:dut|romF2:rom1|altsyncram:altsyncram_component ;
+------------------------------------+----------------------+-------------------------------------+
; Parameter Name                     ; Value                ; Type                                ;
+------------------------------------+----------------------+-------------------------------------+
; BYTE_SIZE_BLOCK                    ; 8                    ; Untyped                             ;
; AUTO_CARRY_CHAINS                  ; ON                   ; AUTO_CARRY                          ;
; IGNORE_CARRY_BUFFERS               ; OFF                  ; IGNORE_CARRY                        ;
; AUTO_CASCADE_CHAINS                ; ON                   ; AUTO_CASCADE                        ;
; IGNORE_CASCADE_BUFFERS             ; OFF                  ; IGNORE_CASCADE                      ;
; WIDTH_BYTEENA                      ; 1                    ; Untyped                             ;
; OPERATION_MODE                     ; ROM                  ; Untyped                             ;
; WIDTH_A                            ; 32                   ; Signed Integer                      ;
; WIDTHAD_A                          ; 5                    ; Signed Integer                      ;
; NUMWORDS_A                         ; 18                   ; Signed Integer                      ;
; OUTDATA_REG_A                      ; UNREGISTERED         ; Untyped                             ;
; ADDRESS_ACLR_A                     ; NONE                 ; Untyped                             ;
; OUTDATA_ACLR_A                     ; NONE                 ; Untyped                             ;
; WRCONTROL_ACLR_A                   ; NONE                 ; Untyped                             ;
; INDATA_ACLR_A                      ; NONE                 ; Untyped                             ;
; BYTEENA_ACLR_A                     ; NONE                 ; Untyped                             ;
; WIDTH_B                            ; 1                    ; Untyped                             ;
; WIDTHAD_B                          ; 1                    ; Untyped                             ;
; NUMWORDS_B                         ; 1                    ; Untyped                             ;
; INDATA_REG_B                       ; CLOCK1               ; Untyped                             ;
; WRCONTROL_WRADDRESS_REG_B          ; CLOCK1               ; Untyped                             ;
; RDCONTROL_REG_B                    ; CLOCK1               ; Untyped                             ;
; ADDRESS_REG_B                      ; CLOCK1               ; Untyped                             ;
; OUTDATA_REG_B                      ; UNREGISTERED         ; Untyped                             ;
; BYTEENA_REG_B                      ; CLOCK1               ; Untyped                             ;
; INDATA_ACLR_B                      ; NONE                 ; Untyped                             ;
; WRCONTROL_ACLR_B                   ; NONE                 ; Untyped                             ;
; ADDRESS_ACLR_B                     ; NONE                 ; Untyped                             ;
; OUTDATA_ACLR_B                     ; NONE                 ; Untyped                             ;
; RDCONTROL_ACLR_B                   ; NONE                 ; Untyped                             ;
; BYTEENA_ACLR_B                     ; NONE                 ; Untyped                             ;
; WIDTH_BYTEENA_A                    ; 1                    ; Signed Integer                      ;
; WIDTH_BYTEENA_B                    ; 1                    ; Untyped                             ;
; RAM_BLOCK_TYPE                     ; AUTO                 ; Untyped                             ;
; BYTE_SIZE                          ; 8                    ; Untyped                             ;
; READ_DURING_WRITE_MODE_MIXED_PORTS ; DONT_CARE            ; Untyped                             ;
; READ_DURING_WRITE_MODE_PORT_A      ; NEW_DATA_NO_NBE_READ ; Untyped                             ;
; READ_DURING_WRITE_MODE_PORT_B      ; NEW_DATA_NO_NBE_READ ; Untyped                             ;
; INIT_FILE                          ; ../romF2.hex         ; Untyped                             ;
; INIT_FILE_LAYOUT                   ; PORT_A               ; Untyped                             ;
; MAXIMUM_DEPTH                      ; 0                    ; Untyped                             ;
; CLOCK_ENABLE_INPUT_A               ; BYPASS               ; Untyped                             ;
; CLOCK_ENABLE_INPUT_B               ; NORMAL               ; Untyped                             ;
; CLOCK_ENABLE_OUTPUT_A              ; BYPASS               ; Untyped                             ;
; CLOCK_ENABLE_OUTPUT_B              ; NORMAL               ; Untyped                             ;
; CLOCK_ENABLE_CORE_A                ; USE_INPUT_CLKEN      ; Untyped                             ;
; CLOCK_ENABLE_CORE_B                ; USE_INPUT_CLKEN      ; Untyped                             ;
; ENABLE_ECC                         ; FALSE                ; Untyped                             ;
; ECC_PIPELINE_STAGE_ENABLED         ; FALSE                ; Untyped                             ;
; WIDTH_ECCSTATUS                    ; 3                    ; Untyped                             ;
; DEVICE_FAMILY                      ; Cyclone V            ; Untyped                             ;
; CBXI_PARAMETER                     ; altsyncram_l4g1      ; Untyped                             ;
+------------------------------------+----------------------+-------------------------------------+
Note: In order to hide this table in the UI and the text report file, please set the "Show Parameter Settings in Synthesis Report" option in "Analysis and Synthesis Settings -> More Settings" to "Off".


+-----------------------------------------------------------------------------------------------+
; Parameter Settings for User Entity Instance: top:dut|ram:ram1|altsyncram:altsyncram_component ;
+------------------------------------+----------------------+-----------------------------------+
; Parameter Name                     ; Value                ; Type                              ;
+------------------------------------+----------------------+-----------------------------------+
; BYTE_SIZE_BLOCK                    ; 8                    ; Untyped                           ;
; AUTO_CARRY_CHAINS                  ; ON                   ; AUTO_CARRY                        ;
; IGNORE_CARRY_BUFFERS               ; OFF                  ; IGNORE_CARRY                      ;
; AUTO_CASCADE_CHAINS                ; ON                   ; AUTO_CASCADE                      ;
; IGNORE_CASCADE_BUFFERS             ; OFF                  ; IGNORE_CASCADE                    ;
; WIDTH_BYTEENA                      ; 1                    ; Untyped                           ;
; OPERATION_MODE                     ; SINGLE_PORT          ; Untyped                           ;
; WIDTH_A                            ; 32                   ; Signed Integer                    ;
; WIDTHAD_A                          ; 15                   ; Signed Integer                    ;
; NUMWORDS_A                         ; 20001                ; Signed Integer                    ;
; OUTDATA_REG_A                      ; UNREGISTERED         ; Untyped                           ;
; ADDRESS_ACLR_A                     ; NONE                 ; Untyped                           ;
; OUTDATA_ACLR_A                     ; NONE                 ; Untyped                           ;
; WRCONTROL_ACLR_A                   ; NONE                 ; Untyped                           ;
; INDATA_ACLR_A                      ; NONE                 ; Untyped                           ;
; BYTEENA_ACLR_A                     ; NONE                 ; Untyped                           ;
; WIDTH_B                            ; 1                    ; Untyped                           ;
; WIDTHAD_B                          ; 1                    ; Untyped                           ;
; NUMWORDS_B                         ; 1                    ; Untyped                           ;
; INDATA_REG_B                       ; CLOCK1               ; Untyped                           ;
; WRCONTROL_WRADDRESS_REG_B          ; CLOCK1               ; Untyped                           ;
; RDCONTROL_REG_B                    ; CLOCK1               ; Untyped                           ;
; ADDRESS_REG_B                      ; CLOCK1               ; Untyped                           ;
; OUTDATA_REG_B                      ; UNREGISTERED         ; Untyped                           ;
; BYTEENA_REG_B                      ; CLOCK1               ; Untyped                           ;
; INDATA_ACLR_B                      ; NONE                 ; Untyped                           ;
; WRCONTROL_ACLR_B                   ; NONE                 ; Untyped                           ;
; ADDRESS_ACLR_B                     ; NONE                 ; Untyped                           ;
; OUTDATA_ACLR_B                     ; NONE                 ; Untyped                           ;
; RDCONTROL_ACLR_B                   ; NONE                 ; Untyped                           ;
; BYTEENA_ACLR_B                     ; NONE                 ; Untyped                           ;
; WIDTH_BYTEENA_A                    ; 1                    ; Signed Integer                    ;
; WIDTH_BYTEENA_B                    ; 1                    ; Untyped                           ;
; RAM_BLOCK_TYPE                     ; AUTO                 ; Untyped                           ;
; BYTE_SIZE                          ; 8                    ; Untyped                           ;
; READ_DURING_WRITE_MODE_MIXED_PORTS ; DONT_CARE            ; Untyped                           ;
; READ_DURING_WRITE_MODE_PORT_A      ; NEW_DATA_NO_NBE_READ ; Untyped                           ;
; READ_DURING_WRITE_MODE_PORT_B      ; NEW_DATA_NO_NBE_READ ; Untyped                           ;
; INIT_FILE                          ; memoriaRam.mif       ; Untyped                           ;
; INIT_FILE_LAYOUT                   ; PORT_A               ; Untyped                           ;
; MAXIMUM_DEPTH                      ; 0                    ; Untyped                           ;
; CLOCK_ENABLE_INPUT_A               ; BYPASS               ; Untyped                           ;
; CLOCK_ENABLE_INPUT_B               ; NORMAL               ; Untyped                           ;
; CLOCK_ENABLE_OUTPUT_A              ; BYPASS               ; Untyped                           ;
; CLOCK_ENABLE_OUTPUT_B              ; NORMAL               ; Untyped                           ;
; CLOCK_ENABLE_CORE_A                ; USE_INPUT_CLKEN      ; Untyped                           ;
; CLOCK_ENABLE_CORE_B                ; USE_INPUT_CLKEN      ; Untyped                           ;
; ENABLE_ECC                         ; FALSE                ; Untyped                           ;
; ECC_PIPELINE_STAGE_ENABLED         ; FALSE                ; Untyped                           ;
; WIDTH_ECCSTATUS                    ; 3                    ; Untyped                           ;
; DEVICE_FAMILY                      ; Cyclone V            ; Untyped                           ;
; CBXI_PARAMETER                     ; altsyncram_g0p1      ; Untyped                           ;
+------------------------------------+----------------------+-----------------------------------+
Note: In order to hide this table in the UI and the text report file, please set the "Show Parameter Settings in Synthesis Report" option in "Analysis and Synthesis Settings -> More Settings" to "Off".


+------------------------------------------------------------------------------------------+
; Parameter Settings for User Entity Instance: top:dut|vga:imagenDis|vgaController:vgaCont ;
+----------------+------------+------------------------------------------------------------+
; Parameter Name ; Value      ; Type                                                       ;
+----------------+------------+------------------------------------------------------------+
; HACTIVE        ; 1010000000 ; Unsigned Binary                                            ;
; HFP            ; 0000010000 ; Unsigned Binary                                            ;
; HSYN           ; 0001100000 ; Unsigned Binary                                            ;
; HBP            ; 0000110000 ; Unsigned Binary                                            ;
; HMAX           ; 1100100000 ; Unsigned Binary                                            ;
; VBP            ; 0000100001 ; Unsigned Binary                                            ;
; VACTIVE        ; 0111100000 ; Unsigned Binary                                            ;
; VFP            ; 0000001010 ; Unsigned Binary                                            ;
; VSYN           ; 0000000010 ; Unsigned Binary                                            ;
; VMAX           ; 1000001101 ; Unsigned Binary                                            ;
+----------------+------------+------------------------------------------------------------+
Note: In order to hide this table in the UI and the text report file, please set the "Show Parameter Settings in Synthesis Report" option in "Analysis and Synthesis Settings -> More Settings" to "Off".


+------------------------------------------------------------------------------------------------+
; altsyncram Parameter Settings by Entity Instance                                               ;
+-------------------------------------------+----------------------------------------------------+
; Name                                      ; Value                                              ;
+-------------------------------------------+----------------------------------------------------+
; Number of entity instances                ; 2                                                  ;
; Entity Instance                           ; top:dut|romF2:rom1|altsyncram:altsyncram_component ;
;     -- OPERATION_MODE                     ; ROM                                                ;
;     -- WIDTH_A                            ; 32                                                 ;
;     -- NUMWORDS_A                         ; 18                                                 ;
;     -- OUTDATA_REG_A                      ; UNREGISTERED                                       ;
;     -- WIDTH_B                            ; 1                                                  ;
;     -- NUMWORDS_B                         ; 1                                                  ;
;     -- ADDRESS_REG_B                      ; CLOCK1                                             ;
;     -- OUTDATA_REG_B                      ; UNREGISTERED                                       ;
;     -- RAM_BLOCK_TYPE                     ; AUTO                                               ;
;     -- READ_DURING_WRITE_MODE_MIXED_PORTS ; DONT_CARE                                          ;
; Entity Instance                           ; top:dut|ram:ram1|altsyncram:altsyncram_component   ;
;     -- OPERATION_MODE                     ; SINGLE_PORT                                        ;
;     -- WIDTH_A                            ; 32                                                 ;
;     -- NUMWORDS_A                         ; 20001                                              ;
;     -- OUTDATA_REG_A                      ; UNREGISTERED                                       ;
;     -- WIDTH_B                            ; 1                                                  ;
;     -- NUMWORDS_B                         ; 1                                                  ;
;     -- ADDRESS_REG_B                      ; CLOCK1                                             ;
;     -- OUTDATA_REG_B                      ; UNREGISTERED                                       ;
;     -- RAM_BLOCK_TYPE                     ; AUTO                                               ;
;     -- READ_DURING_WRITE_MODE_MIXED_PORTS ; DONT_CARE                                          ;
+-------------------------------------------+----------------------------------------------------+


+---------------------------------------------------------------------------------------------------------------------------+
; Analysis & Elaboration Settings                                                                                           ;
+---------------------------------------------------------------------------------+--------------------+--------------------+
; Option                                                                          ; Setting            ; Default Value      ;
+---------------------------------------------------------------------------------+--------------------+--------------------+
; Device                                                                          ; 5CSEMA5F31C6       ;                    ;
; Top-level entity name                                                           ; testbench          ; Procesador         ;
; Family name                                                                     ; Cyclone V          ; Cyclone V          ;
; Use smart compilation                                                           ; Off                ; Off                ;
; Enable parallel Assembler and Timing Analyzer during compilation                ; On                 ; On                 ;
; Enable compact report table                                                     ; Off                ; Off                ;
; Restructure Multiplexers                                                        ; Auto               ; Auto               ;
; MLAB Add Timing Constraints For Mixed-Port Feed-Through Mode Setting Don't Care ; Off                ; Off                ;
; Create Debugging Nodes for IP Cores                                             ; Off                ; Off                ;
; Preserve fewer node names                                                       ; On                 ; On                 ;
; Intel FPGA IP Evaluation Mode                                                   ; Enable             ; Enable             ;
; Verilog Version                                                                 ; Verilog_2001       ; Verilog_2001       ;
; VHDL Version                                                                    ; VHDL_1993          ; VHDL_1993          ;
; State Machine Processing                                                        ; Auto               ; Auto               ;
; Safe State Machine                                                              ; Off                ; Off                ;
; Extract Verilog State Machines                                                  ; On                 ; On                 ;
; Extract VHDL State Machines                                                     ; On                 ; On                 ;
; Ignore Verilog initial constructs                                               ; Off                ; Off                ;
; Iteration limit for constant Verilog loops                                      ; 5000               ; 5000               ;
; Iteration limit for non-constant Verilog loops                                  ; 250                ; 250                ;
; Add Pass-Through Logic to Inferred RAMs                                         ; On                 ; On                 ;
; Infer RAMs from Raw Logic                                                       ; On                 ; On                 ;
; Parallel Synthesis                                                              ; On                 ; On                 ;
; DSP Block Balancing                                                             ; Auto               ; Auto               ;
; NOT Gate Push-Back                                                              ; On                 ; On                 ;
; Power-Up Don't Care                                                             ; On                 ; On                 ;
; Remove Redundant Logic Cells                                                    ; Off                ; Off                ;
; Remove Duplicate Registers                                                      ; On                 ; On                 ;
; Ignore CARRY Buffers                                                            ; Off                ; Off                ;
; Ignore CASCADE Buffers                                                          ; Off                ; Off                ;
; Ignore GLOBAL Buffers                                                           ; Off                ; Off                ;
; Ignore ROW GLOBAL Buffers                                                       ; Off                ; Off                ;
; Ignore LCELL Buffers                                                            ; Off                ; Off                ;
; Ignore SOFT Buffers                                                             ; On                 ; On                 ;
; Limit AHDL Integers to 32 Bits                                                  ; Off                ; Off                ;
; Optimization Technique                                                          ; Balanced           ; Balanced           ;
; Carry Chain Length                                                              ; 70                 ; 70                 ;
; Auto Carry Chains                                                               ; On                 ; On                 ;
; Auto Open-Drain Pins                                                            ; On                 ; On                 ;
; Perform WYSIWYG Primitive Resynthesis                                           ; Off                ; Off                ;
; Auto ROM Replacement                                                            ; On                 ; On                 ;
; Auto RAM Replacement                                                            ; On                 ; On                 ;
; Auto DSP Block Replacement                                                      ; On                 ; On                 ;
; Auto Shift Register Replacement                                                 ; Auto               ; Auto               ;
; Allow Shift Register Merging across Hierarchies                                 ; Auto               ; Auto               ;
; Auto Clock Enable Replacement                                                   ; On                 ; On                 ;
; Strict RAM Replacement                                                          ; Off                ; Off                ;
; Allow Synchronous Control Signals                                               ; On                 ; On                 ;
; Force Use of Synchronous Clear Signals                                          ; Off                ; Off                ;
; Auto Resource Sharing                                                           ; Off                ; Off                ;
; Allow Any RAM Size For Recognition                                              ; Off                ; Off                ;
; Allow Any ROM Size For Recognition                                              ; Off                ; Off                ;
; Allow Any Shift Register Size For Recognition                                   ; Off                ; Off                ;
; Use LogicLock Constraints during Resource Balancing                             ; On                 ; On                 ;
; Ignore translate_off and synthesis_off directives                               ; Off                ; Off                ;
; Timing-Driven Synthesis                                                         ; On                 ; On                 ;
; Report Parameter Settings                                                       ; On                 ; On                 ;
; Report Source Assignments                                                       ; On                 ; On                 ;
; Report Connectivity Checks                                                      ; On                 ; On                 ;
; Ignore Maximum Fan-Out Assignments                                              ; Off                ; Off                ;
; Synchronization Register Chain Length                                           ; 3                  ; 3                  ;
; Power Optimization During Synthesis                                             ; Normal compilation ; Normal compilation ;
; HDL message level                                                               ; Level2             ; Level2             ;
; Suppress Register Optimization Related Messages                                 ; Off                ; Off                ;
; Number of Removed Registers Reported in Synthesis Report                        ; 5000               ; 5000               ;
; Number of Swept Nodes Reported in Synthesis Report                              ; 5000               ; 5000               ;
; Number of Inverted Registers Reported in Synthesis Report                       ; 100                ; 100                ;
; Clock MUX Protection                                                            ; On                 ; On                 ;
; Auto Gated Clock Conversion                                                     ; Off                ; Off                ;
; Block Design Naming                                                             ; Auto               ; Auto               ;
; SDC constraint protection                                                       ; Off                ; Off                ;
; Synthesis Effort                                                                ; Auto               ; Auto               ;
; Shift Register Replacement - Allow Asynchronous Clear Signal                    ; On                 ; On                 ;
; Pre-Mapping Resynthesis Optimization                                            ; Off                ; Off                ;
; Analysis & Synthesis Message Level                                              ; Medium             ; Medium             ;
; Disable Register Merging Across Hierarchies                                     ; Auto               ; Auto               ;
; Resource Aware Inference For Block RAM                                          ; On                 ; On                 ;
; Automatic Parallel Synthesis                                                    ; On                 ; On                 ;
; Partial Reconfiguration Bitstream ID                                            ; Off                ; Off                ;
+---------------------------------------------------------------------------------+--------------------+--------------------+


+-------------------------------------------------------------------------------------------------------------------------------------+
; Port Connectivity Checks: "top:dut|vga:imagenDis"                                                                                   ;
+------+--------+----------+----------------------------------------------------------------------------------------------------------+
; Port ; Type   ; Severity ; Details                                                                                                  ;
+------+--------+----------+----------------------------------------------------------------------------------------------------------+
; x    ; Output ; Warning  ; Declared by entity but not connected by instance. Logic that only feeds a dangling port will be removed. ;
; y    ; Output ; Warning  ; Declared by entity but not connected by instance. Logic that only feeds a dangling port will be removed. ;
+------+--------+----------+----------------------------------------------------------------------------------------------------------+


+---------------------------------------------------------------------+
; Port Connectivity Checks: "top:dut|arm:arm|datapath:dp|mux2:ra1mux" ;
+------+-------+----------+-------------------------------------------+
; Port ; Type  ; Severity ; Details                                   ;
+------+-------+----------+-------------------------------------------+
; d1   ; Input ; Info     ; Stuck at VCC                              ;
+------+-------+----------+-------------------------------------------+


+----------------------------------------------------------------------+
; Port Connectivity Checks: "top:dut|arm:arm|datapath:dp|adder:pcadd2" ;
+----------+-------+----------+----------------------------------------+
; Port     ; Type  ; Severity ; Details                                ;
+----------+-------+----------+----------------------------------------+
; b[31..3] ; Input ; Info     ; Stuck at GND                           ;
; b[1..0]  ; Input ; Info     ; Stuck at GND                           ;
; b[2]     ; Input ; Info     ; Stuck at VCC                           ;
+----------+-------+----------+----------------------------------------+


+----------------------------------------------------------------------+
; Port Connectivity Checks: "top:dut|arm:arm|datapath:dp|adder:pcadd1" ;
+----------+-------+----------+----------------------------------------+
; Port     ; Type  ; Severity ; Details                                ;
+----------+-------+----------+----------------------------------------+
; b[31..3] ; Input ; Info     ; Stuck at GND                           ;
; b[1..0]  ; Input ; Info     ; Stuck at GND                           ;
; b[2]     ; Input ; Info     ; Stuck at VCC                           ;
+----------+-------+----------+----------------------------------------+


+---------------------------------------------------------------------------------------------------------------------+
; Port Connectivity Checks: "top:dut|arm:arm"                                                                         ;
+-----------+--------+----------+-------------------------------------------------------------------------------------+
; Port      ; Type   ; Severity ; Details                                                                             ;
+-----------+--------+----------+-------------------------------------------------------------------------------------+
; PC[31..5] ; Output ; Info     ; Connected to dangling logic. Logic that only feeds a dangling port will be removed. ;
+-----------+--------+----------+-------------------------------------------------------------------------------------+


+---------------------------------------------------------------------------------------------------------------------+
; Port Connectivity Checks: "top:dut"                                                                                 ;
+-----------+--------+----------+-------------------------------------------------------------------------------------+
; Port      ; Type   ; Severity ; Details                                                                             ;
+-----------+--------+----------+-------------------------------------------------------------------------------------+
; clk       ; Input  ; Info     ; Stuck at GND                                                                        ;
; WriteData ; Output ; Info     ; Connected to dangling logic. Logic that only feeds a dangling port will be removed. ;
; DataAdr   ; Output ; Info     ; Connected to dangling logic. Logic that only feeds a dangling port will be removed. ;
; MemWrite  ; Output ; Info     ; Connected to dangling logic. Logic that only feeds a dangling port will be removed. ;
; vgaclk    ; Output ; Info     ; Connected to dangling logic. Logic that only feeds a dangling port will be removed. ;
; hsync     ; Output ; Info     ; Connected to dangling logic. Logic that only feeds a dangling port will be removed. ;
; vsync     ; Output ; Info     ; Connected to dangling logic. Logic that only feeds a dangling port will be removed. ;
; sync_b    ; Output ; Info     ; Connected to dangling logic. Logic that only feeds a dangling port will be removed. ;
; blank_b   ; Output ; Info     ; Connected to dangling logic. Logic that only feeds a dangling port will be removed. ;
; r         ; Output ; Info     ; Connected to dangling logic. Logic that only feeds a dangling port will be removed. ;
; g         ; Output ; Info     ; Connected to dangling logic. Logic that only feeds a dangling port will be removed. ;
; b         ; Output ; Info     ; Connected to dangling logic. Logic that only feeds a dangling port will be removed. ;
+-----------+--------+----------+-------------------------------------------------------------------------------------+


+---------------------------------+
; Analysis & Elaboration Messages ;
+---------------------------------+
Info: *******************************************************************
Info: Running Quartus Prime Analysis & Elaboration
    Info: Version 22.1std.2 Build 922 07/20/2023 SC Lite Edition
    Info: Processing started: Tue Nov 21 15:39:39 2023
Info: Command: quartus_map --read_settings_files=on --write_settings_files=off Procesador -c Procesador --analysis_and_elaboration
Warning (18236): Number of processors has not been specified which may cause overloading on shared machines.  Set the global assignment NUM_PARALLEL_PROCESSORS in your QSF to an appropriate value for best performance.
Info (20030): Parallel compilation is enabled and will use 6 of the 6 processors detected
Info (12021): Found 1 design units, including 1 entities, in source file topramvga.sv
    Info (12023): Found entity 1: topRamVga File: D:/TEC/tdd/squesada_ebarrantes_icalderon_digital_design_lab_2023/topRamVga.sv Line: 1
Info (12021): Found 1 design units, including 1 entities, in source file substracter.sv
    Info (12023): Found entity 1: substracter File: D:/TEC/tdd/squesada_ebarrantes_icalderon_digital_design_lab_2023/substracter.sv Line: 1
Info (12021): Found 1 design units, including 1 entities, in source file multiplier.sv
    Info (12023): Found entity 1: multiplier File: D:/TEC/tdd/squesada_ebarrantes_icalderon_digital_design_lab_2023/multiplier.sv Line: 1
Info (12021): Found 1 design units, including 1 entities, in source file divider.sv
    Info (12023): Found entity 1: divider File: D:/TEC/tdd/squesada_ebarrantes_icalderon_digital_design_lab_2023/divider.sv Line: 1
Info (12021): Found 1 design units, including 1 entities, in source file alu.sv
    Info (12023): Found entity 1: alu File: D:/TEC/tdd/squesada_ebarrantes_icalderon_digital_design_lab_2023/alu.sv Line: 1
Info (12021): Found 1 design units, including 1 entities, in source file adder.sv
    Info (12023): Found entity 1: adder File: D:/TEC/tdd/squesada_ebarrantes_icalderon_digital_design_lab_2023/adder.sv Line: 1
Info (12021): Found 1 design units, including 1 entities, in source file imem.sv
    Info (12023): Found entity 1: imem File: D:/TEC/tdd/squesada_ebarrantes_icalderon_digital_design_lab_2023/imem.sv Line: 1
Info (12021): Found 1 design units, including 1 entities, in source file dmem.sv
    Info (12023): Found entity 1: dmem File: D:/TEC/tdd/squesada_ebarrantes_icalderon_digital_design_lab_2023/dmem.sv Line: 1
Info (12021): Found 1 design units, including 1 entities, in source file top.sv
    Info (12023): Found entity 1: top File: D:/TEC/tdd/squesada_ebarrantes_icalderon_digital_design_lab_2023/top.sv Line: 1
Info (12021): Found 1 design units, including 1 entities, in source file testbench.sv
    Info (12023): Found entity 1: testbench File: D:/TEC/tdd/squesada_ebarrantes_icalderon_digital_design_lab_2023/testbench.sv Line: 4
Info (12021): Found 1 design units, including 1 entities, in source file mux2.sv
    Info (12023): Found entity 1: mux2 File: D:/TEC/tdd/squesada_ebarrantes_icalderon_digital_design_lab_2023/mux2.sv Line: 1
Info (12021): Found 1 design units, including 1 entities, in source file flopenr.sv
    Info (12023): Found entity 1: flopenr File: D:/TEC/tdd/squesada_ebarrantes_icalderon_digital_design_lab_2023/flopenr.sv Line: 1
Info (12021): Found 1 design units, including 1 entities, in source file flopr.sv
    Info (12023): Found entity 1: flopr File: D:/TEC/tdd/squesada_ebarrantes_icalderon_digital_design_lab_2023/flopr.sv Line: 1
Info (12021): Found 1 design units, including 1 entities, in source file extend.sv
    Info (12023): Found entity 1: extend File: D:/TEC/tdd/squesada_ebarrantes_icalderon_digital_design_lab_2023/extend.sv Line: 1
Info (12021): Found 1 design units, including 1 entities, in source file regfile.sv
    Info (12023): Found entity 1: regfile File: D:/TEC/tdd/squesada_ebarrantes_icalderon_digital_design_lab_2023/regfile.sv Line: 1
Info (12021): Found 1 design units, including 1 entities, in source file datapath.sv
    Info (12023): Found entity 1: datapath File: D:/TEC/tdd/squesada_ebarrantes_icalderon_digital_design_lab_2023/datapath.sv Line: 1
Info (12021): Found 2 design units, including 2 entities, in source file condlogic.sv
    Info (12023): Found entity 1: condlogic File: D:/TEC/tdd/squesada_ebarrantes_icalderon_digital_design_lab_2023/condlogic.sv Line: 1
    Info (12023): Found entity 2: condcheck File: D:/TEC/tdd/squesada_ebarrantes_icalderon_digital_design_lab_2023/condlogic.sv Line: 23
Info (12021): Found 1 design units, including 1 entities, in source file decoder.sv
    Info (12023): Found entity 1: decoder File: D:/TEC/tdd/squesada_ebarrantes_icalderon_digital_design_lab_2023/decoder.sv Line: 1
Info (12021): Found 1 design units, including 1 entities, in source file controller.sv
    Info (12023): Found entity 1: controller File: D:/TEC/tdd/squesada_ebarrantes_icalderon_digital_design_lab_2023/controller.sv Line: 1
Info (12021): Found 1 design units, including 1 entities, in source file arm.sv
    Info (12023): Found entity 1: arm File: D:/TEC/tdd/squesada_ebarrantes_icalderon_digital_design_lab_2023/arm.sv Line: 1
Info (12021): Found 1 design units, including 1 entities, in source file topram.sv
    Info (12023): Found entity 1: topRam File: D:/TEC/tdd/squesada_ebarrantes_icalderon_digital_design_lab_2023/topRam.sv Line: 2
Info (12021): Found 1 design units, including 1 entities, in source file write_mem.sv
    Info (12023): Found entity 1: write_mem File: D:/TEC/tdd/squesada_ebarrantes_icalderon_digital_design_lab_2023/write_mem.sv Line: 1
Info (12021): Found 1 design units, including 1 entities, in source file vga_tb.sv
    Info (12023): Found entity 1: vga_tb File: D:/TEC/tdd/squesada_ebarrantes_icalderon_digital_design_lab_2023/vga_tb.sv Line: 1
Info (12021): Found 1 design units, including 1 entities, in source file videogen.sv
    Info (12023): Found entity 1: videoGen File: D:/TEC/tdd/squesada_ebarrantes_icalderon_digital_design_lab_2023/videoGen.sv Line: 1
Info (12021): Found 1 design units, including 1 entities, in source file vgacontroller.sv
    Info (12023): Found entity 1: vgaController File: D:/TEC/tdd/squesada_ebarrantes_icalderon_digital_design_lab_2023/vgaController.sv Line: 1
Info (12021): Found 1 design units, including 1 entities, in source file vga.sv
    Info (12023): Found entity 1: vga File: D:/TEC/tdd/squesada_ebarrantes_icalderon_digital_design_lab_2023/vga.sv Line: 1
Info (12021): Found 1 design units, including 1 entities, in source file pll.sv
    Info (12023): Found entity 1: pll File: D:/TEC/tdd/squesada_ebarrantes_icalderon_digital_design_lab_2023/pll.sv Line: 1
Info (12021): Found 1 design units, including 1 entities, in source file contadordireccion.sv
    Info (12023): Found entity 1: contadorDireccion File: D:/TEC/tdd/squesada_ebarrantes_icalderon_digital_design_lab_2023/contadorDireccion.sv Line: 1
Info (12021): Found 1 design units, including 1 entities, in source file topram_tb.sv
    Info (12023): Found entity 1: topRam_tb File: D:/TEC/tdd/squesada_ebarrantes_icalderon_digital_design_lab_2023/topRam_tb.sv Line: 2
Info (12021): Found 1 design units, including 1 entities, in source file mux_1.sv
    Info (12023): Found entity 1: mux_1 File: D:/TEC/tdd/squesada_ebarrantes_icalderon_digital_design_lab_2023/mux_1.sv Line: 1
Info (12021): Found 1 design units, including 1 entities, in source file topramvga_tb.sv
    Info (12023): Found entity 1: topRamVga_tb File: D:/TEC/tdd/squesada_ebarrantes_icalderon_digital_design_lab_2023/topRamVga_tb.sv Line: 3
Info (12021): Found 1 design units, including 1 entities, in source file ram.v
    Info (12023): Found entity 1: ram File: D:/TEC/tdd/squesada_ebarrantes_icalderon_digital_design_lab_2023/ram.v Line: 40
Info (12021): Found 1 design units, including 1 entities, in source file romf2.v
    Info (12023): Found entity 1: romF2 File: D:/TEC/tdd/squesada_ebarrantes_icalderon_digital_design_lab_2023/romF2.v Line: 40
Info (12127): Elaborating entity "testbench" for the top level hierarchy
Info (12128): Elaborating entity "top" for hierarchy "top:dut" File: D:/TEC/tdd/squesada_ebarrantes_icalderon_digital_design_lab_2023/testbench.sv Line: 19
Info (12128): Elaborating entity "arm" for hierarchy "top:dut|arm:arm" File: D:/TEC/tdd/squesada_ebarrantes_icalderon_digital_design_lab_2023/top.sv Line: 17
Info (12128): Elaborating entity "controller" for hierarchy "top:dut|arm:arm|controller:c" File: D:/TEC/tdd/squesada_ebarrantes_icalderon_digital_design_lab_2023/arm.sv Line: 18
Info (12128): Elaborating entity "decoder" for hierarchy "top:dut|arm:arm|controller:c|decoder:dec" File: D:/TEC/tdd/squesada_ebarrantes_icalderon_digital_design_lab_2023/controller.sv Line: 18
Info (12128): Elaborating entity "condlogic" for hierarchy "top:dut|arm:arm|controller:c|condlogic:cl" File: D:/TEC/tdd/squesada_ebarrantes_icalderon_digital_design_lab_2023/controller.sv Line: 22
Info (12128): Elaborating entity "flopenr" for hierarchy "top:dut|arm:arm|controller:c|condlogic:cl|flopenr:flagreg1" File: D:/TEC/tdd/squesada_ebarrantes_icalderon_digital_design_lab_2023/condlogic.sv Line: 13
Info (12128): Elaborating entity "condcheck" for hierarchy "top:dut|arm:arm|controller:c|condlogic:cl|condcheck:cc" File: D:/TEC/tdd/squesada_ebarrantes_icalderon_digital_design_lab_2023/condlogic.sv Line: 17
Info (12128): Elaborating entity "datapath" for hierarchy "top:dut|arm:arm|datapath:dp" File: D:/TEC/tdd/squesada_ebarrantes_icalderon_digital_design_lab_2023/arm.sv Line: 27
Info (12128): Elaborating entity "mux2" for hierarchy "top:dut|arm:arm|datapath:dp|mux2:pcmux" File: D:/TEC/tdd/squesada_ebarrantes_icalderon_digital_design_lab_2023/datapath.sv Line: 21
Info (12128): Elaborating entity "flopr" for hierarchy "top:dut|arm:arm|datapath:dp|flopr:pcreg" File: D:/TEC/tdd/squesada_ebarrantes_icalderon_digital_design_lab_2023/datapath.sv Line: 22
Info (12128): Elaborating entity "adder" for hierarchy "top:dut|arm:arm|datapath:dp|adder:pcadd1" File: D:/TEC/tdd/squesada_ebarrantes_icalderon_digital_design_lab_2023/datapath.sv Line: 23
Info (12128): Elaborating entity "mux2" for hierarchy "top:dut|arm:arm|datapath:dp|mux2:ra1mux" File: D:/TEC/tdd/squesada_ebarrantes_icalderon_digital_design_lab_2023/datapath.sv Line: 26
Info (12128): Elaborating entity "regfile" for hierarchy "top:dut|arm:arm|datapath:dp|regfile:rf" File: D:/TEC/tdd/squesada_ebarrantes_icalderon_digital_design_lab_2023/datapath.sv Line: 30
Info (12128): Elaborating entity "extend" for hierarchy "top:dut|arm:arm|datapath:dp|extend:ext" File: D:/TEC/tdd/squesada_ebarrantes_icalderon_digital_design_lab_2023/datapath.sv Line: 32
Info (12128): Elaborating entity "alu" for hierarchy "top:dut|arm:arm|datapath:dp|alu:alu" File: D:/TEC/tdd/squesada_ebarrantes_icalderon_digital_design_lab_2023/datapath.sv Line: 35
Info (12128): Elaborating entity "romF2" for hierarchy "top:dut|romF2:rom1" File: D:/TEC/tdd/squesada_ebarrantes_icalderon_digital_design_lab_2023/top.sv Line: 21
Info (12128): Elaborating entity "altsyncram" for hierarchy "top:dut|romF2:rom1|altsyncram:altsyncram_component" File: D:/TEC/tdd/squesada_ebarrantes_icalderon_digital_design_lab_2023/romF2.v Line: 82
Info (12130): Elaborated megafunction instantiation "top:dut|romF2:rom1|altsyncram:altsyncram_component" File: D:/TEC/tdd/squesada_ebarrantes_icalderon_digital_design_lab_2023/romF2.v Line: 82
Info (12133): Instantiated megafunction "top:dut|romF2:rom1|altsyncram:altsyncram_component" with the following parameter: File: D:/TEC/tdd/squesada_ebarrantes_icalderon_digital_design_lab_2023/romF2.v Line: 82
    Info (12134): Parameter "address_aclr_a" = "NONE"
    Info (12134): Parameter "clock_enable_input_a" = "BYPASS"
    Info (12134): Parameter "clock_enable_output_a" = "BYPASS"
    Info (12134): Parameter "init_file" = "../romF2.hex"
    Info (12134): Parameter "intended_device_family" = "Cyclone V"
    Info (12134): Parameter "lpm_hint" = "ENABLE_RUNTIME_MOD=NO"
    Info (12134): Parameter "lpm_type" = "altsyncram"
    Info (12134): Parameter "numwords_a" = "18"
    Info (12134): Parameter "operation_mode" = "ROM"
    Info (12134): Parameter "outdata_aclr_a" = "NONE"
    Info (12134): Parameter "outdata_reg_a" = "UNREGISTERED"
    Info (12134): Parameter "widthad_a" = "5"
    Info (12134): Parameter "width_a" = "32"
    Info (12134): Parameter "width_byteena_a" = "1"
Info (12021): Found 1 design units, including 1 entities, in source file db/altsyncram_l4g1.tdf
    Info (12023): Found entity 1: altsyncram_l4g1 File: D:/TEC/tdd/squesada_ebarrantes_icalderon_digital_design_lab_2023/db/altsyncram_l4g1.tdf Line: 28
Info (12128): Elaborating entity "altsyncram_l4g1" for hierarchy "top:dut|romF2:rom1|altsyncram:altsyncram_component|altsyncram_l4g1:auto_generated" File: d:/quartuss/quartus/libraries/megafunctions/altsyncram.tdf Line: 792
Info (12128): Elaborating entity "ram" for hierarchy "top:dut|ram:ram1" File: D:/TEC/tdd/squesada_ebarrantes_icalderon_digital_design_lab_2023/top.sv Line: 26
Info (12128): Elaborating entity "altsyncram" for hierarchy "top:dut|ram:ram1|altsyncram:altsyncram_component" File: D:/TEC/tdd/squesada_ebarrantes_icalderon_digital_design_lab_2023/ram.v Line: 86
Info (12130): Elaborated megafunction instantiation "top:dut|ram:ram1|altsyncram:altsyncram_component" File: D:/TEC/tdd/squesada_ebarrantes_icalderon_digital_design_lab_2023/ram.v Line: 86
Info (12133): Instantiated megafunction "top:dut|ram:ram1|altsyncram:altsyncram_component" with the following parameter: File: D:/TEC/tdd/squesada_ebarrantes_icalderon_digital_design_lab_2023/ram.v Line: 86
    Info (12134): Parameter "clock_enable_input_a" = "BYPASS"
    Info (12134): Parameter "clock_enable_output_a" = "BYPASS"
    Info (12134): Parameter "init_file" = "memoriaRam.mif"
    Info (12134): Parameter "intended_device_family" = "Cyclone V"
    Info (12134): Parameter "lpm_hint" = "ENABLE_RUNTIME_MOD=NO"
    Info (12134): Parameter "lpm_type" = "altsyncram"
    Info (12134): Parameter "numwords_a" = "20001"
    Info (12134): Parameter "operation_mode" = "SINGLE_PORT"
    Info (12134): Parameter "outdata_aclr_a" = "NONE"
    Info (12134): Parameter "outdata_reg_a" = "UNREGISTERED"
    Info (12134): Parameter "power_up_uninitialized" = "FALSE"
    Info (12134): Parameter "read_during_write_mode_port_a" = "NEW_DATA_NO_NBE_READ"
    Info (12134): Parameter "widthad_a" = "15"
    Info (12134): Parameter "width_a" = "32"
    Info (12134): Parameter "width_byteena_a" = "1"
Info (12021): Found 1 design units, including 1 entities, in source file db/altsyncram_g0p1.tdf
    Info (12023): Found entity 1: altsyncram_g0p1 File: D:/TEC/tdd/squesada_ebarrantes_icalderon_digital_design_lab_2023/db/altsyncram_g0p1.tdf Line: 34
Info (12128): Elaborating entity "altsyncram_g0p1" for hierarchy "top:dut|ram:ram1|altsyncram:altsyncram_component|altsyncram_g0p1:auto_generated" File: d:/quartuss/quartus/libraries/megafunctions/altsyncram.tdf Line: 792
Info (12021): Found 1 design units, including 1 entities, in source file db/decode_7la.tdf
    Info (12023): Found entity 1: decode_7la File: D:/TEC/tdd/squesada_ebarrantes_icalderon_digital_design_lab_2023/db/decode_7la.tdf Line: 23
Info (12128): Elaborating entity "decode_7la" for hierarchy "top:dut|ram:ram1|altsyncram:altsyncram_component|altsyncram_g0p1:auto_generated|decode_7la:decode3" File: D:/TEC/tdd/squesada_ebarrantes_icalderon_digital_design_lab_2023/db/altsyncram_g0p1.tdf Line: 44
Info (12021): Found 1 design units, including 1 entities, in source file db/decode_01a.tdf
    Info (12023): Found entity 1: decode_01a File: D:/TEC/tdd/squesada_ebarrantes_icalderon_digital_design_lab_2023/db/decode_01a.tdf Line: 23
Info (12128): Elaborating entity "decode_01a" for hierarchy "top:dut|ram:ram1|altsyncram:altsyncram_component|altsyncram_g0p1:auto_generated|decode_01a:rden_decode" File: D:/TEC/tdd/squesada_ebarrantes_icalderon_digital_design_lab_2023/db/altsyncram_g0p1.tdf Line: 45
Info (12021): Found 1 design units, including 1 entities, in source file db/mux_4hb.tdf
    Info (12023): Found entity 1: mux_4hb File: D:/TEC/tdd/squesada_ebarrantes_icalderon_digital_design_lab_2023/db/mux_4hb.tdf Line: 23
Info (12128): Elaborating entity "mux_4hb" for hierarchy "top:dut|ram:ram1|altsyncram:altsyncram_component|altsyncram_g0p1:auto_generated|mux_4hb:mux2" File: D:/TEC/tdd/squesada_ebarrantes_icalderon_digital_design_lab_2023/db/altsyncram_g0p1.tdf Line: 46
Info (12128): Elaborating entity "vga" for hierarchy "top:dut|vga:imagenDis" File: D:/TEC/tdd/squesada_ebarrantes_icalderon_digital_design_lab_2023/top.sv Line: 43
Info (12128): Elaborating entity "pll" for hierarchy "top:dut|vga:imagenDis|pll:vgapll" File: D:/TEC/tdd/squesada_ebarrantes_icalderon_digital_design_lab_2023/vga.sv Line: 14
Info (12128): Elaborating entity "vgaController" for hierarchy "top:dut|vga:imagenDis|vgaController:vgaCont" File: D:/TEC/tdd/squesada_ebarrantes_icalderon_digital_design_lab_2023/vga.sv Line: 24
Info (12128): Elaborating entity "videoGen" for hierarchy "top:dut|vga:imagenDis|videoGen:vgaVideoGen" File: D:/TEC/tdd/squesada_ebarrantes_icalderon_digital_design_lab_2023/vga.sv Line: 33
Warning (12241): 1 hierarchies have connectivity warnings - see the Connectivity Checks report folder
Info (144001): Generated suppressed messages file D:/TEC/tdd/squesada_ebarrantes_icalderon_digital_design_lab_2023/output_files/Procesador.map.smsg
Info: Quartus Prime Analysis & Elaboration was successful. 0 errors, 2 warnings
    Info: Peak virtual memory: 4817 megabytes
    Info: Processing ended: Tue Nov 21 15:39:59 2023
    Info: Elapsed time: 00:00:20
    Info: Total CPU time (on all processors): 00:00:44


+--------------------------------------------+
; Analysis & Elaboration Suppressed Messages ;
+--------------------------------------------+
The suppressed messages can be found in D:/TEC/tdd/squesada_ebarrantes_icalderon_digital_design_lab_2023/output_files/Procesador.map.smsg.


